// Jest Snapshot v1, https://goo.gl/fbAQLP

exports[`<App /> renders without crashing 1`] = `
<div>
  <header>
    <h1>
      <a
        href="."
      >
        Delivery Dashboard
      </a>
    </h1>
    <div
      className="user"
    >
      <button
        className="ant-btn"
        onClick={[Function]}
        type="button"
      >
        <i
          className="anticon anticon-login"
        />
        <span>
          login
        </span>
      </button>
    </div>
  </header>
  <div
    className="mainContent ant-layout ant-layout-has-sider"
  >
    <div
      className="ant-layout-sider"
      style={
        Object {
          "flex": "0 0 200px",
          "maxWidth": "200px",
          "minWidth": "200px",
          "width": "200px",
        }
      }
    >
      <div
        className="ant-layout-sider-children"
      >
        <div
          className="ant-spin ant-spin-spinning ant-spin-show-text"
        >
          <span
            className="ant-spin-dot"
          >
            <i />
            <i />
            <i />
            <i />
          </span>
        </div>
      </div>
    </div>
    <div
      className="ant-layout-content"
    >
      <form
        className="ant-form ant-form-horizontal"
        onSubmit={[Function]}
      >
        <div
          className="ant-row ant-form-item"
          style={undefined}
        >
          <div
            className="ant-form-item-control-wrapper"
          >
            <div
              className="ant-form-item-control "
            >
              <span
                className="ant-input-group-wrapper"
                style={undefined}
              >
                <span
                  className="ant-input-wrapper ant-input-group"
                >
                  <input
                    className="ant-input"
                    disabled={false}
                    onChange={[Function]}
                    onKeyDown={[Function]}
                    placeholder="Firefox version, eg. \\"57.0\\""
                    style={null}
                    type="search"
                    value=""
                  />
                  <span
                    className="ant-input-group-addon"
                  >
                    <i
                      className="anticon anticon-close"
                      onClick={[Function]}
                      style={
                        Object {
                          "cursor": "pointer",
                        }
                      }
                    />
                  </span>
                </span>
              </span>
            </div>
          </div>
        </div>
      </form>
      <p>
        Learn more about a specific version.
        <strong>
           Select or enter your version number.
        </strong>
      </p>
    </div>
  </div>
  <footer>
    Delivery dashboard version:
     
    <a
      href="https://github.com/mozilla/delivery-dashboard/commit/commit-hash"
    >
      version-number
    </a>
     -- Pollbot version:
     
  </footer>
</div>
`;
